[INFO] ------------------------------------------------------------------------
